torch 2.14.1+cu130  device cpu  config {'E': 16, 'C': 32, 'k': 3, 'p': 0.0}

==============================================================================
PART A — replication across five alleles
==============================================================================

--- HLA-A*02:01: 29 carriers, 21 certain non-carriers, 19 carrier test units ---
  [A0_0201_carr] train 8 units / 160,000 rows, val 2 units
    seed 0: val AP 0.7136 (22 ep, 47s)
    seed 1: val AP 0.7182 (31 ep, 53s)
    seed 2: val AP 0.7186 (30 ep, 51s)
    seed 3: val AP 0.7140 (20 ep, 38s)
    seed 4: val AP 0.7183 (10 ep, 26s)
  [A0_0201_non] train 8 units / 160,000 rows, val 2 units
    seed 0: val AP 0.7355 (19 ep, 37s)
    seed 1: val AP 0.7397 (32 ep, 53s)
    seed 2: val AP 0.7388 (24 ep, 44s)
    seed 3: val AP 0.7387 (21 ep, 39s)
    seed 4: val AP 0.7392 (33 ep, 54s)
    HLA-A*02:01-exclusive 6,604 seqs   recurrence control 2,055   class-shared 18,832
    HLA-A*02:01-EXCLUSIVE stratum  (23,158 rows)
      HLA-A*02:01 carrier-trained units 19  AP 0.7993 CI99 [0.7892, 0.8096]  floor 0.7114  SEEN 0.00%
      non-carrier-trained    units 19  AP 0.7715 CI99 [0.7636, 0.7805]  floor 0.6935  SEEN 0.00%
      -> paired HLA-A*02:01 carrier-trained - non-carrier-trained: +0.0278  CI99 [+0.0196, +0.0358]  (18/19)
    recurrence-matched control  (3,510 rows)
      HLA-A*02:01 carrier-trained units 19  AP 0.8123 CI99 [0.7961, 0.8290]  floor 0.7402  SEEN 0.00%
      non-carrier-trained    units 19  AP 0.8181 CI99 [0.8010, 0.8349]  floor 0.7388  SEEN 0.00%
      -> paired HLA-A*02:01 carrier-trained - non-carrier-trained: -0.0058  CI99 [-0.0180, +0.0047]  (9/19)
    class-shared (neutral delta)  (14,782 rows)
      HLA-A*02:01 carrier-trained units 19  AP 0.7923 CI99 [0.7789, 0.8062]  floor 0.6944  SEEN 0.00%
      non-carrier-trained    units 19  AP 0.7981 CI99 [0.7847, 0.8116]  floor 0.6931  SEEN 0.00%
      -> paired HLA-A*02:01 carrier-trained - non-carrier-trained: -0.0059  CI99 [-0.0120, -0.0004]  (7/19)

--- HLA-C*07:02: 24 carriers, 23 certain non-carriers, 14 carrier test units ---
  [A1_0702_carr] train 8 units / 160,000 rows, val 2 units
    seed 0: val AP 0.7415 (17 ep, 33s)
    seed 1: val AP 0.7437 (22 ep, 39s)
    seed 2: val AP 0.7398 (9 ep, 23s)
    seed 3: val AP 0.7397 (21 ep, 37s)
    seed 4: val AP 0.7390 (28 ep, 47s)
  [A1_0702_non] train 8 units / 160,000 rows, val 2 units
    seed 0: val AP 0.7398 (15 ep, 32s)
    seed 1: val AP 0.7371 (8 ep, 22s)
    seed 2: val AP 0.7428 (15 ep, 31s)
    seed 3: val AP 0.7394 (14 ep, 30s)
    seed 4: val AP 0.7378 (11 ep, 26s)
    HLA-C*07:02-exclusive 2,586 seqs   recurrence control 1,436   class-shared 20,235
    HLA-C*07:02-EXCLUSIVE stratum  (9,184 rows)
      HLA-C*07:02 carrier-trained units 14  AP 0.8227 CI99 [0.8086, 0.8351]  floor 0.7040  SEEN 0.00%
      non-carrier-trained    units 14  AP 0.8159 CI99 [0.8006, 0.8311]  floor 0.7059  SEEN 0.00%
      -> paired HLA-C*07:02 carrier-trained - non-carrier-trained: +0.0068  CI99 [-0.0020, +0.0157]  (8/14)
    recurrence-matched control  (2,808 rows)
      HLA-C*07:02 carrier-trained units 14  AP 0.8254 CI99 [0.8031, 0.8482]  floor 0.7378  SEEN 0.00%
      non-carrier-trained    units 14  AP 0.8340 CI99 [0.8127, 0.8567]  floor 0.7467  SEEN 0.00%
      -> paired HLA-C*07:02 carrier-trained - non-carrier-trained: -0.0086  CI99 [-0.0181, +0.0001]  (4/14)
    class-shared (neutral delta)  (16,296 rows)
      HLA-C*07:02 carrier-trained units 14  AP 0.7934 CI99 [0.7776, 0.8063]  floor 0.6891  SEEN 0.00%
      non-carrier-trained    units 14  AP 0.8025 CI99 [0.7925, 0.8109]  floor 0.6957  SEEN 0.00%
      -> paired HLA-C*07:02 carrier-trained - non-carrier-trained: -0.0091  CI99 [-0.0181, -0.0006]  (5/14)

--- HLA-A*01:01: 17 carriers, 29 certain non-carriers, 7 carrier test units ---
  [A2_0101_carr] train 8 units / 160,000 rows, val 2 units
    seed 0: val AP 0.7233 (18 ep, 34s)
    seed 1: val AP 0.7250 (21 ep, 38s)
    seed 2: val AP 0.7262 (20 ep, 37s)
    seed 3: val AP 0.7239 (18 ep, 36s)
    seed 4: val AP 0.7264 (15 ep, 31s)
  [A2_0101_non] train 8 units / 160,000 rows, val 2 units
    seed 0: val AP 0.7263 (18 ep, 35s)
    seed 1: val AP 0.7266 (23 ep, 43s)
    seed 2: val AP 0.7285 (18 ep, 35s)
    seed 3: val AP 0.7256 (17 ep, 33s)
    seed 4: val AP 0.7325 (19 ep, 37s)
    HLA-A*01:01-exclusive 647 seqs   recurrence control 459   class-shared 17,936
    HLA-A*01:01-EXCLUSIVE stratum  (2,064 rows)
      HLA-A*01:01 carrier-trained units  7  AP 0.8263 CI99 [0.7932, 0.8523]  floor 0.6765  SEEN 0.00%
      non-carrier-trained    units  7  AP 0.8034 CI99 [0.7764, 0.8249]  floor 0.6449  SEEN 0.00%
      -> paired HLA-A*01:01 carrier-trained - non-carrier-trained: +0.0229  CI99 [+0.0143, +0.0319]  (7/7)
    recurrence-matched control  (828 rows)
      HLA-A*01:01 carrier-trained units  7  AP 0.8325 CI99 [0.8070, 0.8623]  floor 0.7706  SEEN 0.00%
      non-carrier-trained    units  7  AP 0.8146 CI99 [0.7843, 0.8463]  floor 0.7580  SEEN 0.00%
      -> paired HLA-A*01:01 carrier-trained - non-carrier-trained: +0.0179  CI99 [+0.0036, +0.0349]  (6/7)
    class-shared (neutral delta)  (10,100 rows)
      HLA-A*01:01 carrier-trained units  7  AP 0.8038 CI99 [0.7819, 0.8210]  floor 0.7227  SEEN 0.00%
      non-carrier-trained    units  7  AP 0.7892 CI99 [0.7791, 0.8001]  floor 0.6999  SEEN 0.00%
      -> paired HLA-A*01:01 carrier-trained - non-carrier-trained: +0.0146  CI99 [+0.0010, +0.0270]  (6/7)

--- HLA-A*24:02: 16 carriers, 30 certain non-carriers, 6 carrier test units ---
  [A3_2402_carr] train 8 units / 160,000 rows, val 2 units
    seed 0: val AP 0.7229 (27 ep, 45s)
    seed 1: val AP 0.7274 (32 ep, 52s)
    seed 2: val AP 0.7197 (36 ep, 56s)
    seed 3: val AP 0.7227 (28 ep, 46s)
    seed 4: val AP 0.7259 (40 ep, 61s)
  [A3_2402_non] train 8 units / 160,000 rows, val 2 units
    seed 0: val AP 0.7490 (23 ep, 40s)
    seed 1: val AP 0.7430 (16 ep, 36s)
    seed 2: val AP 0.7479 (13 ep, 28s)
    seed 3: val AP 0.7468 (14 ep, 29s)
    seed 4: val AP 0.7418 (24 ep, 42s)
    HLA-A*24:02-exclusive 665 seqs   recurrence control 402   class-shared 16,873
    HLA-A*24:02-EXCLUSIVE stratum  (2,050 rows)
      HLA-A*24:02 carrier-trained units  6  AP 0.8188 CI99 [0.7976, 0.8402]  floor 0.6844  SEEN 0.00%
      non-carrier-trained    units  6  AP 0.7780 CI99 [0.7491, 0.8003]  floor 0.6522  SEEN 0.00%
      -> paired HLA-A*24:02 carrier-trained - non-carrier-trained: +0.0408  CI99 [+0.0172, +0.0628]  (6/6)
    recurrence-matched control  (820 rows)
      HLA-A*24:02 carrier-trained units  6  AP 0.8226 CI99 [0.7563, 0.8847]  floor 0.7254  SEEN 0.00%
      non-carrier-trained    units  6  AP 0.8367 CI99 [0.7918, 0.8835]  floor 0.7605  SEEN 0.00%
      -> paired HLA-A*24:02 carrier-trained - non-carrier-trained: -0.0141  CI99 [-0.0380, +0.0179]  (1/6)
    class-shared (neutral delta)  (9,932 rows)
      HLA-A*24:02 carrier-trained units  6  AP 0.7811 CI99 [0.7581, 0.8144]  floor 0.6884  SEEN 0.00%
      non-carrier-trained    units  6  AP 0.7996 CI99 [0.7716, 0.8291]  floor 0.7320  SEEN 0.00%
      -> paired HLA-A*24:02 carrier-trained - non-carrier-trained: -0.0185  CI99 [-0.0390, -0.0013]  (1/6)

--- HLA-B*07:02: 15 carriers, 31 certain non-carriers, 5 carrier test units ---
  [A4_0702_carr] train 8 units / 160,000 rows, val 2 units
    seed 0: val AP 0.7582 (21 ep, 40s)
    seed 1: val AP 0.7550 (11 ep, 26s)
    seed 2: val AP 0.7561 (11 ep, 25s)
    seed 3: val AP 0.7553 (15 ep, 30s)
    seed 4: val AP 0.7541 (12 ep, 27s)
  [A4_0702_non] train 8 units / 160,000 rows, val 2 units
    seed 0: val AP 0.7221 (28 ep, 47s)
    seed 1: val AP 0.7193 (18 ep, 35s)
    seed 2: val AP 0.7194 (22 ep, 39s)
    seed 3: val AP 0.7225 (30 ep, 50s)
    seed 4: val AP 0.7216 (22 ep, 39s)
    HLA-B*07:02-exclusive 276 seqs   recurrence control 120   class-shared 15,820
    HLA-B*07:02-EXCLUSIVE stratum  (806 rows)
      HLA-B*07:02 carrier-trained units  5  AP 0.8575 CI99 [0.8142, 0.8855]  floor 0.7340  SEEN 0.00%
      non-carrier-trained    units  5  AP 0.8159 CI99 [0.8059, 0.8255]  floor 0.7176  SEEN 0.00%
      -> paired HLA-B*07:02 carrier-trained - non-carrier-trained: +0.0415  CI99 [+0.0008, +0.0651]  (4/5)
    recurrence-matched control  (240 rows)
      HLA-B*07:02 carrier-trained units  5  AP 0.8718 CI99 [0.8165, 0.9192]  floor 0.7278  SEEN 0.00%
      non-carrier-trained    units  5  AP 0.8867 CI99 [0.8405, 0.9321]  floor 0.7690  SEEN 0.00%
      -> paired HLA-B*07:02 carrier-trained - non-carrier-trained: -0.0149  CI99 [-0.0384, +0.0098]  (1/5)
    class-shared (neutral delta)  (5,606 rows)
      HLA-B*07:02 carrier-trained units  5  AP 0.8046 CI99 [0.7893, 0.8221]  floor 0.7124  SEEN 0.00%
      non-carrier-trained    units  5  AP 0.7956 CI99 [0.7757, 0.8131]  floor 0.7185  SEEN 0.00%
      -> paired HLA-B*07:02 carrier-trained - non-carrier-trained: +0.0091  CI99 [-0.0070, +0.0160]  (4/5)

==============================================================================
PART B — symmetric pair: both arms carrier-trained, sign reversal expected
==============================================================================
  HLA-A*02:01 not HLA-C*07:02: 17 units -> train 6, test 9
  HLA-C*07:02 not HLA-A*02:01: 14 units -> train 6, test 6
  [B_A0201] train 6 units / 120,000 rows, val 2 units
    seed 0: val AP 0.6979 (24 ep, 32s)
    seed 1: val AP 0.7023 (21 ep, 30s)
    seed 2: val AP 0.6918 (27 ep, 35s)
    seed 3: val AP 0.6988 (29 ep, 37s)
    seed 4: val AP 0.7011 (25 ep, 34s)
  [B_C0702] train 6 units / 120,000 rows, val 2 units
    seed 0: val AP 0.7166 (15 ep, 24s)
    seed 1: val AP 0.7155 (12 ep, 22s)
    seed 2: val AP 0.7123 (23 ep, 32s)
    seed 3: val AP 0.7144 (13 ep, 22s)
    seed 4: val AP 0.7195 (36 ep, 43s)

  HLA-A*02:01-exclusive 1,637 seqs  control 464  shared 18,832
    HLA-A*02:01-EXCLUSIVE stratum  (5,350 rows)
      HLA-A*02:01-trained    units  9  AP 0.8165 CI99 [0.7995, 0.8330]  floor 0.6883  SEEN 0.00%
      HLA-C*07:02-trained    units  9  AP 0.7702 CI99 [0.7558, 0.7855]  floor 0.6634  SEEN 0.00%
      -> paired HLA-A*02:01-trained - HLA-C*07:02-trained: +0.0463  CI99 [+0.0297, +0.0668]  (9/9)
    HLA-A*02:01 recurrence-matched control  (942 rows)
      HLA-A*02:01-trained    units  9  AP 0.8136 CI99 [0.7746, 0.8583]  floor 0.7144  SEEN 0.00%
      HLA-C*07:02-trained    units  9  AP 0.8085 CI99 [0.7686, 0.8440]  floor 0.7047  SEEN 0.00%
      -> paired HLA-A*02:01-trained - HLA-C*07:02-trained: +0.0052  CI99 [-0.0114, +0.0250]  (5/9)
    HLA-A*02:01 class-shared (neutral delta)  (8,266 rows)
      HLA-A*02:01-trained    units  9  AP 0.7818 CI99 [0.7535, 0.8066]  floor 0.6793  SEEN 0.00%
      HLA-C*07:02-trained    units  9  AP 0.7832 CI99 [0.7581, 0.8060]  floor 0.6764  SEEN 0.00%
      -> paired HLA-A*02:01-trained - HLA-C*07:02-trained: -0.0013  CI99 [-0.0182, +0.0146]  (4/9)

  HLA-C*07:02-exclusive 542 seqs  control 253  shared 20,235
    HLA-C*07:02-EXCLUSIVE stratum  (1,878 rows)
      HLA-A*02:01-trained    units  6  AP 0.8025 CI99 [0.7760, 0.8388]  floor 0.6981  SEEN 0.00%
      HLA-C*07:02-trained    units  6  AP 0.8112 CI99 [0.7664, 0.8493]  floor 0.6922  SEEN 0.00%
      -> paired HLA-A*02:01-trained - HLA-C*07:02-trained: -0.0087  CI99 [-0.0383, +0.0194]  (3/6)
    HLA-C*07:02 recurrence-matched control  (448 rows)
      HLA-A*02:01-trained    units  6  AP 0.8155 CI99 [0.7938, 0.8351]  floor 0.7376  SEEN 0.00%
      HLA-C*07:02-trained    units  6  AP 0.8244 CI99 [0.7982, 0.8500]  floor 0.7445  SEEN 0.00%
      -> paired HLA-A*02:01-trained - HLA-C*07:02-trained: -0.0088  CI99 [-0.0384, +0.0210]  (2/6)
    HLA-C*07:02 class-shared (neutral delta)  (6,780 rows)
      HLA-A*02:01-trained    units  6  AP 0.7896 CI99 [0.7656, 0.8126]  floor 0.6817  SEEN 0.00%
      HLA-C*07:02-trained    units  6  AP 0.7933 CI99 [0.7640, 0.8208]  floor 0.6829  SEEN 0.00%
      -> paired HLA-A*02:01-trained - HLA-C*07:02-trained: -0.0038  CI99 [-0.0177, +0.0109]  (3/6)

wrote /home/user/PXD024871_mapping/results/model/multi_allele.json
